// Jest Snapshot v1, https://goo.gl/fbAQLP

exports[`Form component renders Form 1`] = `
<div>
  <form
    onSubmit={[Function]}
  >
    <label>
       URL:
      <input
        name="url"
        onChange={[Function]}
        type="text"
        value="http://www.randomapi.com/"
      />
    </label>
    <div>
      <label>
        <input
          name="method"
          onChange={[Function]}
          type="radio"
          value="GET"
        />
         GET
      </label>
      <label>
        <input
          name="method"
          onChange={[Function]}
          type="radio"
          value="POST"
        />
         POST
      </label>
      <label>
        <input
          name="method"
          onChange={[Function]}
          type="radio"
          value="PUT"
        />
         PUT
      </label>
      <label>
        <input
          name="method"
          onChange={[Function]}
          type="radio"
          value="PATCH"
        />
         PATCH
      </label>
      <label>
        <input
          name="method"
          onChange={[Function]}
          type="radio"
          value="DELETE"
        />
         DELETE
      </label>
    </div>
    <textarea
      name="textBody"
      onChange={[Function]}
      placeholder="JSON Body"
      value=""
    />
    <button
      type="submit"
    >
      GO!
    </button>
  </form>
</div>
`;
